0
0
0
0
0
0
0
0
0
0
8
8
8
8
8
8
8
8
8
14
14
14
14
14
14
14
14
18
18
18
18
18
18
18
20
20
20
20
20
20
80
80
80
80
80
54
54
54
54
28
28
28
8
8
0
